ERROR ~ Validation of pipeline parameters failed!

 -- Check '/raid/kbajbekov/common_share/github/csp_assembly/.nf-test/tests/1da154519380e0d2a9bfbc12e80a778d/meta/nextflow.log' file for details
